IMPOSSIBLE
IMPOSSIBLE
UNKNOWN
IMPOSSIBLE
B A
UNKNOWN
SHTab SHTac SHTaa
IMPOSSIBLE
ag ah aj ac ab ae aa ad ai
UNKNOWN
ab ai
UNKNOWN
ai ab ad ac ae aa ah
ad ah ai af aa
ab ar ah al ao ac an aa aq af at ae aj ai ap ag am
UNKNOWN
ac ar ak ao aa ag ae aq an ai
IMPOSSIBLE
at as ae ac
ah ai ag am ad an ap ae af as ak ar aa ac ao at
ad ah
ak ba ai af aj aq ax ar ad ae ap am
IMPOSSIBLE
ag aq au aj
UNKNOWN
an aa ao at aq ah az af bc
ab at ai as aw ae bb al ad ac ap ax ay am bd ag aj ao ba aq az au af aa ak ah an ar av
bc ba ar aq at as ad bd ag al ac ak ay
aq ak af ah al au bl bc ap bk aa bj ax ad az aw ao as an be bg am ac ae ai aj bb bd ab at bm ar ba av
ay bi ab bj aq bg bl aa bk as ba au bc av ai ak ae bd bh ap ad ar aw am az al at
ap ab ar al az bc ad ay ba aq aa aj ai ae bb bj bg be bf an bh ak au am ag aw
UNKNOWN
ag ar ac ae bc aq ab ay ax bm ak au bn an ai av bj ah bf az bg be aj ap bk am af aw bb bd bl
al bd ao ay aw be aq ap bl
av ao ax bl am ab bn aa bc bh ay ac at ad bb ba aw au az al ag be bd ah bg af ai bj ar bf ap ak bk ae as an
bj bo bk bb ah bi bw au ak bc al ap ar bd an bf ad ae ay ab ba bn aw bl bt bh
UNKNOWN
IMPOSSIBLE
ao al bp br at bl as ac an av aj bf ah am bg bn bh
UNKNOWN
ar bf ah aw al bs ay bp at br ae bb aq ba bl be ai bn aa bx ao am bj bc bo bv ag an bu af bd bk au ab ad ac
ar at bw bs ay au ae ax bv ag aq bo ac bp ad bi bg br bk aw ab bb bh be ap ao bt am bj bx bu aj
bb av bc aw aj bo ba cc bu am bz bp bi bt cg
IMPOSSIBLE
IMPOSSIBLE
ax at bx bc am az al bl ar an af br by bq ap
cb ac bk bg be bm bb at ax by al bq an ap aj cd cf ae ai bp ak ah bd bh bv bu bl bz bn ao bf aw bs as br ba aa ca bo
bc ah cg bk bq bo br ax aq bt ba
IMPOSSIBLE
UNKNOWN
IMPOSSIBLE
IMPOSSIBLE
ap av bo cl bl ac aj bv bi ar au by ad at aw bg co aa cb ba cj ao bu as ak cg al cn ay bb az bf bw bd aq bm bh
UNKNOWN
UNKNOWN
as bc cq ao au bh br bj ck bd cb bo by cp bb ai ci bq bw bg bv ag az cn cg bi bt bk ax ah cc bx al ab cl bz ae bp ba af bu be
cf al au as db ao ad cx aq be cn bs ai bv by bz cy cq ch cu cm am bw bc bo cg aw an bt bl bh cl cd co bp ah ak aa cr ac cp at
IMPOSSIBLE
bb cq by ax ah aj bk cp bx at bw aa ci cj co cn
IMPOSSIBLE
bq bo bw au cp cb ch bl cn bd ci bs bz cz bx cu db cs ai co al av cf ct cl az ad ae ak ag br da bb ab ao bm ac ca cg cq bp ay
bx by ba bf an cc ck aa bt al ay bm bl aq ab cq ca ad bg ch bw cd ap cr ae bh bb bv aw co ak ar be af cb bp db ah bc bk ax ce cn ag ci cp bi cv bu da cl cw bs cu ct bd bj cz bz cs as av ac cx bn cf am az cj br bo cy aj ai cm au ao at cg
UNKNOWN
IMPOSSIBLE
UNKNOWN
IMPOSSIBLE
ce ah ch bi cg cn ab ba bb aa ak cz br bj ca cb cj db bx ct bv cd ck cm da ag au az aq dd ai be bf df cl co al bw cy dg ci af cw bt ac de di cp bs bg cq cf dk dh ae ay aj am cc dc cv bh bn by ar cs bl cr av bp an bu bq dj bc aw dl ad bd cx cu bz bo as ap bm ax at bk ao
df aj cj cy bx dc bg ca bk ac as bm at dk bc dj bs de dg bn cu cs cp aw bz ci av db ak cr by bb cg bl bj au bw aq am cl dd bt ah ch bf ab br bq bv al ae cd cn bh cc di ai cf bp ce co cv bu bo cm cx af ck an ag ct cq dh ar be ad cz cw
UNKNOWN
cm al at ak be aw ag bh bb bo dc bp bw am bi bt cq ap cl cp ax an df ao cg ck cb ai di bx au cs ch dl ae bs bg bd cz cf bz aj ac dk cn av bk bc bf cy cu ad bq ce dh ci ct cr bm af ab by dd da bv ah dj bn br cd aq ay bl aa bj de cv ca ba cx bu
UNKNOWN
UNKNOWN
co bl ar cl cj bp db cp bq cq cy bz av cb by ay ak dc dh ds ap
cd cf cg bl ah ba ax dg bt bw cw aa cp ae bj ai ap aj dk dp bs co bp bo by cb cm cv bx ao dn dr de bh bd as bf ds be aq do ca du ci dc ac cn da cx ce cu cq df
cx as am bx da dh ag ak dj ah bi av cl bg bf dk cd ci cu ct af bp du ao bv ac bh cv aj bd bl co bo df aa bu cm ba cz an do bj dn bm ad cb dv db bt ar bq ap au by
IMPOSSIBLE
ct af bj bt dh cl ax cg cp cy cx bs bk cd cw ag aj ac cu cz aa dc cs bv cm db bd cc dj ak ca co
bj bz cx ae cb du cs bv am ca dr ao bu bd cj au ab an da bk dd bf cn bs cw cq de di do cd dm cg ce bh ak ck bo cl ah ap ci aj bl dl bq df ba cv cz dq cm by br bp bb ag dc co dn cf bc ac ct
cm cw bs bc ci as bl bu cd bg bz af ae cv cj bw dl cr az ck cl ds bd de dm cy do cx ak cf bh da df bo ax cs be ap by ab ao bi dn db dj cp ai aj cb co am cz ct di dh dg aq bk dc cu cq bp av bt at br ca dr bq aw bj bm ad ce cc ay al ba du dp an bx bb dq bn ah ag ch dk dd ac dt bv ar cn dv
cg bf bw cw ak dt cy dm cn cx cb an di ad al df dd aw be dc at bk ag du bn bi ba bd bj au bl do ay co bh bv da aj dv dh bq dj cz dr ct cv ds cf ab by dg br aa ah bx db bu bg as ci ao bt cc dl cq cd aq bb dn bz az dp ch bc am bs cp ce cs ai af ae ca de bm dq cm dk cu ax ac ck ap ar bo cl av cr cj bp
ai df ap bm cm cl ba cn cc bw cy dd ay br cd ae bx bg as cr cu dv bz bf bi ah ce ct dn dg az by bt be cx ck cq aj ao bk bu ch dm am bh bl aw dp cp ad ak dq cg cz au dk cb bo bq bv db ac ar bp bd do ca dh da aa bs ag cs ci co ax av aq dc cw bb bn bc cj al du at dt di bj dl de an
ci ae dg az bq ao bb cn bx dk cc ap dd bg ah br cq at aa cj do ab ad bf ag dj cy cr bz cg dc dr bm af bd ay an ct dl bl bj as bn du ak bo dh ax al bs dt cb dv ck ba bi aw ca bc ch bu av ar bh
IMPOSSIBLE
cv ak as bk dn dm ct bx ac do cy dp da ag cx dv ap ax bi de dh au bu bf cb ds db bc at du ay ba ai bs df bh cw bg ci aa br aj di dr aq dg ae bv cc bd al ad dc bn cd ca ck bt cu ar av dq bw cf am dl ah ab dd cq cl ce az bq dk cg cn bl cz cs cj
bd ag bp bq ao cy bs bg bj az dr am bv ch dd cz cd bt bl cn bx aw ac dt ay bc cl cf de ax di cw bb cb du bf cc an bi ck ab av cx dl cq cm dj bh dk ah ba dv bn br bz aj co be
bz ct bh am db aw cn ba cg bd ab bj dv bm ax cq ck at co ai di ac cy ah bt cw dp be cm cp ap ay dt de bi aa aq bs dd av az ca bv cr du dm dh bp cb bg ci cd al ar bu bo ag
bd ae aa ah dm an at ci cw az cz aq bu al bf cn ba cv cf bs bi dv dr af am di be dq dl ag cg bc ch dp bp dc ct dd bw cl bl bb bj av do cm cp ai ce du co bt cq bq dj bx bh ck cr au df aw bo cc by bg bk dn bz as ca bv cy cx ac br cd dh ak aj ax ad de cb ap ay ab ds bm dt cu cj dk
ag cy cl ds cu bq cm am bo ac di dv ca dh be dr br ay dm ad bj ak ah db cx an bn ap ai at cz co au af cq bk da bl bt cs cg cw df do ax bb dt bh ci dp bd dk aq cb cj aw ar ao cv dq bx az dg bs ch dn cc al cr bw de bp dl ct bg aj cn
bb cb ay bj cr dh cx dq dd al cp bm as ck ah ct at bi
cn cv ai cb cl dr dl bo bb di cu dp an da cq bn ct br ci dt aq dc bf dd bw am bu ah bh bl cp bv aj cw bj cy bs bt db as bk dn bm bq bc ab dj ch av bi ds do bz dk cj az bd cx bg ae de du ay ce al co cf cc af ar ag cz ao ac
IMPOSSIBLE
bw cc dd cr ag bo af cl df at bh dr ch cb dg dh aw ci dp dk dt an cg db cn cs ce bu ac bt bj aa ao cm ap be dn bb aq ct bv da cv dl co aj bk br cx by cp bm ax bs bq ar az dv au ad bz de ab ds dj cd du di cf ck bg bf ay cz dm ca am bc dq bi bp ae bx cw do cu ai cj bd as av cy ba ah dc bn
dd cm cs av dl ad be cg aq au dq cu aw ck db an dn bd bg bo de ds cp ax ah cl cn cr al dg ag bc bm do bt ct cb ar ac ch bn cj cq bq cf cy bf df bh co
as du ah cm ct bx dl bh az au dq do ay ae bt cb aw cu ck bs dn cj bq cl aj bc bk af di cr ap ci cp bi cq bd at ab dm dv ag bb cg db aq dk bj
bb ax ce cn ca ab bw ay ad ai az bs cy br dq ag cc co dd at ck ct aj dr dv cx be aq aa cw db bt ae dn cs bu cd cm bh bx aw an cr bi af bp au bz cu do dp cq am av ac dm dt cg bg dk dg dl df al
IMPOSSIBLE
aw cu du bt bh bn cm aq aj cs ci az bj ai ct ck av ds dm bk ah cl dh dp ab dc dr bq bl dn df bu cq ca bo be dg cn dt af by ak da cv cb bc cp co at bf cf ba cw cj aa db bd an ce al cd
UNKNOWN
cs cj bt bx di db ak bv du cx ay ac dq bq ce cr ar ds as bz az dr aj dn av cm bu bs cz bj dj at ci dt do au ck cp ae bk bd cq bp cd cv
IMPOSSIBLE
